// Jest Snapshot v1, https://goo.gl/fbAQLP

exports[`message box 1`] = `ShallowWrapper {}`;
